<html>
<body>
<pre>
<h1>µVision Build Log</h1>
<h2>Tool Versions:</h2>
IDE-Version: £gVision V5.38.0.0
Copyright (C) 2022 ARM Ltd and ARM Germany GmbH. All rights reserved.
License Information: . User, ., LIC=----
 
Tool Versions:
Toolchain:       MDK-Lite  Version: 5.38.0.0
Toolchain Path:  C:\Keil_v5\ARM\ARM_Compiler_5.06u7\Bin
C Compiler:      Armcc.exe V5.06 update 7 (build 960)
Assembler:       Armasm.exe V5.06 update 7 (build 960)
Linker/Locator:  ArmLink.exe V5.06 update 7 (build 960)
Library Manager: ArmAr.exe V5.06 update 7 (build 960)
Hex Converter:   FromElf.exe V5.06 update 7 (build 960)
CPU DLL:         SARMCM3.DLL V5.38.0.0
Dialog DLL:      DARMCM1.DLL V1.19.6.0
Target DLL:      NULink\Nu_Link.dll V3.09
Dialog DLL:      TARMCM1.DLL V1.14.6.0
 
<h2>Project:</h2>
C:\Users\User\Desktop\Nu-LB-NUC140_BSP3.00.004_v1.4.5\SampleCode\Nu-LB-NUC140\TMR_LED\KEIL\Nu-LB-NUC140_TMR.uvprojx
Project File Date:  05/17/2023

<h2>Output:</h2>
*** Using Compiler 'V5.06 update 7 (build 960)', folder: 'C:\Keil_v5\ARM\ARM_Compiler_5.06u7\Bin'
Rebuild target 'TMR'
assembling startup_NUC100Series.s...
creating preprocessor file for sys.c...
creating preprocessor file for clk.c...
creating preprocessor file for system_NUC100Series.c...
creating preprocessor file for uart.c...
creating preprocessor file for timer.c...
compiling sys.c...
compiling system_NUC100Series.c...
creating preprocessor file for gpio.c...
compiling clk.c...
creating preprocessor file for main.c...
compiling timer.c...
creating preprocessor file for SYS_init.c...
compiling uart.c...
compiling gpio.c...
creating preprocessor file for Seven_Segment.c...
creating preprocessor file for Scankey.c...
compiling main.c...
compiling SYS_init.c...
compiling Seven_Segment.c...
compiling Scankey.c...
linking...
Program Size: Code=2572 RO-data=312 RW-data=72 ZI-data=1024  
After Build - User command #1: fromelf --bin ".\obj\TMR_LED.axf" --output ".\obj\TMR_LED.bin"
After Build - User command #2: fromelf --text -c ".\obj\TMR_LED.axf" --output ".\obj\TMR_LED.txt"
".\obj\TMR_LED.axf" - 0 Error(s), 0 Warning(s).

<h2>Software Packages used:</h2>

Package Vendor: ARM
                http://www.keil.com/pack/ARM.CMSIS.5.9.0.pack
                ARM.CMSIS.5.9.0
                CMSIS (Common Microcontroller Software Interface Standard)
   * Component: CORE Version: 5.6.0

Package Vendor: Nuvoton
                https://github.com/OpenNuvoton/cmsis-packs/raw/master/Nuvoton_DFP/Nuvoton.NuMicro_DFP.1.3.19.pack
                Nuvoton.NuMicro_DFP.1.3.19
                Nuvoton ARM Cortex-M NuMicro Family Device Support

<h2>Collection of Component include folders:</h2>
  ./RTE/_TMR
  C:/Users/User/AppData/Local/Arm/Packs/ARM/CMSIS/5.9.0/CMSIS/Core/Include
  C:/Users/User/AppData/Local/Arm/Packs/Nuvoton/NuMicro_DFP/1.3.19/Device/NUC100/Include

<h2>Collection of Component Files used:</h2>

   * Component: ARM::CMSIS:CORE:5.6.0
Build Time Elapsed:  00:00:02
</pre>
</body>
</html>
